Has evidence ECO:0000269|PubMed:12665801.
TRANSIT,1,29,MITOCHONDRION,,, {ECO:0000303, ECO:0000269|PubMed:11433298},
CHAIN,30,430,ASPARTATE AMINOTRANSFERASE,,, {ECO:0000303, ECO:0000269|PubMed:11433298},
BINDING,279,279,PYRIDOXAL PHOSPHATE,BY SIMILARITY,, {ECO:0000269|PubMed:11433298},
VARIANT,3,3,A -> L,,/FTId=VAR_000001, {ECO:0000269|PubMed:11433298},
VARIANT,3,3,A -> LFSJFSHLJSDHFLSJLFHSJLLSJKDHFLSKJFHJ,,/FTId=VAR_000002, {ECO:0000269|PubMed:11433298},
ID   AATM_BOVIN     STANDARD;      PRT;   430 AA.
AC   P12344;
DT   01-OCT-1989 (Rel. 12, Created)
DT   01-NOV-1995 (Rel. 32, Last sequence update)
DT   15-JUL-1999 (Rel. 38, Last annotation update)
DE   ASPARTATE AMINOTRANSFERASE, MITOCHONDRIAL PRECURSOR (EC 2.6.1.1)
DE   (TRANSAMINASE A) (GLUTAMATE OXALOACETATE TRANSAMINASE-2)
DE   {ECO:0000312|EMBL:EAL60914.1, ECO:0000269|PubMed:12665801}.
GN   GOT2{EI1}.
OG   Plasmid pCP301 {ECO:0000313|EMBL:AAH50488.1,
OG   ECO:0000269|PubMed:11285225}, Plasmid pWR100, Plasmid pINV_F6_M1382,
OG   and Plasmid pSF5; Chloroplast.
OS   Bos taurus (Bovine){EI1}.
OC   Eukaryota; Metazoa; Chordata; Craniata; Vertebrata; Euteleostomi;
OC   Mammalia; Eutheria; Cetartiodactyla; Ruminantia; Pecora; Bovoidea;
OC   Bovidae; Bovinae; Bos.
OX   NCBI_TaxID=126566, 55{EC2}, 3332;
RN   [1] {EI1, ECO:0000269|PubMed:11433298}
RP   SEQUENCE FROM N.A.
RC   TISSUE=HEART;
RA   Palmisano A.;
RL   Submitted (OCT-1993) to the EMBL/GenBank/DDBJ databases.
RN   [2] {EI1, ECO:0000269|PubMed:11433298}
RP   SEQUENCE OF 30-41.
RX   MEDLINE=79191877; PubMed=446759;
RA   Capasso S., Garzillo A.M., Marino G., Mazzarella L., Pucci P.,
RA   Sannia G.;
RT   "Mitochondrial bovine aspartate aminotransferase. Preliminary sequence
RT   and crystallographic data.";
RL   FEBS Lett. 101:351-354(1979).
CC   -!- CATALYTIC ACTIVITY: L-ASPARTATE + 2-OXOGLUTARATE = OXALOACETATE +
CC       L-GLUTAMATE{EC3}. {ECO:0000269|PubMed:11433298}.
CC   -!- COFACTOR:
CC       Note=PYRIDOXAL PHOSPHATE.{EC3};
CC   -!- SEQUENCE CAUTION:
CC       Sequence=CAI21743; Type=Erroneous gene model prediction;
CC       Sequence=CAI22254{EC1,EI1}; Type=Miscellaneous discrepancy; Positions=Several; Note=Translated as Gln;
CC   -!- RNA EDITING: Modified_positions=1, 4, 18, 33
CC       {ECO:0000269|PubMed:10707984, ECO:0000269|PubMed:11285225}, 34,
CC       72, 80, 86, 95, 121, 123, 154, 155, 156, 163, 169, 193, 196, 233,
CC       295, 346; Note=The initiator methionine is created by RNA editing.
CC       The nonsense codons at positions 72, 121, 169, 193 and 346 are
CC       modified to sense codons. {ECO:0000269|PubMed:10707984};
DR   EMBL; Z25466; CAA80960.1; -. {ECO:0000269|PubMed:11433298}
DR   ZFIN; P123; Q1234. {ECO:0000312|EMBL:EAL60914.1}
DR   ZFIN; P123; Q1234. {ECO:0000269|PubMed:12527781}
DR   PROSITE; PS00105; AA_TRANSFER_CLASS_1; 1. {ECO:0000269|PubMed:11433298}
KW   Transferase {ECO:0000269|PubMed:12665801};
KW   Aminotransferase {ECO:0000269|PubMed:12665801};
KW   Key1 {ECO:0000312|EMBL:EAL60914.1}; Key2.
FT   TRANSIT       1     29       MITOCHONDRION. {ECO:0000303,
FT                                ECO:0000269|PubMed:11433298}.
FT   CHAIN        30    430       ASPARTATE AMINOTRANSFERASE. {ECO:0000303,
FT                                ECO:0000269|PubMed:11433298}.
FT   BINDING     279    279       PYRIDOXAL PHOSPHATE (BY SIMILARITY).
FT                                {ECO:0000269|PubMed:11433298}.
FT   VARIANT       3      3       A -> L. {ECO:0000269|PubMed:11433298}.
FT                                /FTId=VAR_000001.
FT   VARIANT       3      3       A -> LFSJFSHLJSDHFLSJLFHSJLLSJKDHFLSKJFHJ
FT                                . {ECO:0000269|PubMed:11433298}.
FT                                /FTId=VAR_000002.
**
**   #################    INTERNAL SECTION    ##################
**EV EC2; Curator; MM; 06-SEP-1989.
**EV EC3; Curator; TT; 10-JUN-1999.
**EV ECO:0000269; PubMed:11433298; XXX; 28-Aug-2014.
**EV ECO:0000269; PubMed:12665801; XXX; 28-Aug-2014.
**EV ECO:0000312; EMBL:EAL60914.1; XXX; 28-Aug-2014.
**EV EI1; EMBL; CAA80960.1; 03-SEP-1989.
**OX 9913;
SQ   SEQUENCE   430 AA;  47513 MW;  16DDF475382035AA CRC64;
     MALLHSGRFL SGVAAAFHPG LAAAASARAS SWWAHVEMGP PDPILGVTEA FKRDTNSKKM
     NLGVGAYRDD NGKPYVLPSV RKAEAQIAAK NLDKEYLPIA GLAEFCKASA ELALGENNEV
     LKSGRYVTVQ TISGTGALRI GASFLQRFFK FSRDVFLPKP TWGNHTPIFR DAGMQLQSYR
     YYDPKTCGFD FTGAIEDISK IPAQSVILLH ACAHNPTGVD PRPEQWKEMA TVVKKNNLFA
     FFDMAYQGFA SGDGNKDAWA VRHFIEQGIN VCLCQSYAKN MGLYGERVGA FTVVCKDAEE
     AKRVESQLKI LIRPMYSNPP INGARIASTI LTSPDLRKQW LHEVKGMADR IISMRTQLVS
     NLKKEGSSHN WQHIIDQIGM FCYTGLKPEQ VERLTKEFSI YMTKDGRISV AGVTSGNVAY
     LAHAIHQVTK
//
