>tr|Q9LBD9|DCTQ_RHOSH Putative small C4-dicarboxylate integral membrane transport protein OS=Rhodobacter sphaeroides OX=1063 GN=DCTQ
MMRLLDRLEETLIASLIAAATGLIFVSVVQRYSLGLLADGVAFFRGHDMPELSAMMRSAY
LGLREFNLVWAQELCIILFVWMAKFGAAYGVRTGIHVGIDVLINKLDERKRGFFILLGLG
AGALFTGIIATLGGNFVWHMAQTSAISPDLELPMWLVYLAIPLGSALMCFRFLQVAVIFA
RTGELAHHDHGHVEGVDTEDEGIDVLGSTFLKSPLTPRDLVEKPKDE
>tr|Q9LBD9|DCTQ_RHOSH Putative small C4-dicarboxylate integral membrane transport protein with a very very very very very very very very very very very very very very very very very very very very very very very very very very very very very very very very very very very very long name (Fragment) OS=Rhodobacter sphaeroides OX=1063
MMRLLDRLEETLIASLIAAATGLIFVSVVQRYSLGLLADGVAFFRGHDMPELSAMMRSAY
LGLREFNLVWAQELCIILFVWMAKFGAAYGVRTGIHVGIDVLINKLDERKRGFFILLGLG
AGALFTGIIATLGGNFVWHMAQTSAISPDLELPMWLVYLAIPLGSALMCFRFLQVAVIFA
RTGELAHHDHGHVEGVDTEDEGIDVLGSTFLKSPLTPRDLVEKPKDE
>sp|Q2JI31|3MGH_SYNJB Putative 3-methyladenine DNA glycosylase OS=Synechococcus sp. (strain JA-2-3B'a(2-13)) OX=? GN=CYB_2817 SV=1
MEWLSQPAPLVAPALLGMVLVRQFADGLQVRAQIVETEAYTAGDPACHAYRRKTQRNQVM
FGPPGHLYIYRIYGLYHCLNIVTEPEGIPAAVLIRAAQLDRLPDWIPANKQNQPARAAAG
PGLLCQALRIDGSHNGWRLERAEAGQEGIWLEGSPSWQTQLSIVQTTRIGITQGAEIPWR
WYIGGHPAVSRY
